// Jest Snapshot v1, https://goo.gl/fbAQLP

exports[`should return films ordered by raiting 1`] = `
Object {
  "films": Array [
    Object {
      "rating": 9.3,
      "title": "The Shawshank Redemption",
    },
    Object {
      "rating": 9.2,
      "title": "The Godfather",
    },
    Object {
      "rating": 9,
      "title": "The Godfather: Part II",
    },
    Object {
      "rating": 9,
      "title": "Pulp Fiction",
    },
    Object {
      "rating": 9,
      "title": "The Good, the Bad and the Ugly",
    },
  ],
}
`;
